output shape		(29, 9)
expected shape		(29, 9)
only in output		[]
only in expected		[]
Result of elt-by-elt comparison		Everything matches
