MANIFEST_META::0::_DATA_KIND		big-rock
MANIFEST_META::0::_DATA_RANGE		E2:E9
MANIFEST_META::0::_DATA_SHEET		simple burnout
MANIFEST_META::1::_DATA_KIND		big-rock-estimate
MANIFEST_META::1::_DATA_RANGE		F2:F9
MANIFEST_META::1::_DATA_SHEET		simple burnout
MANIFEST_META::2::_DATA_KIND		investment
MANIFEST_META::2::_DATA_RANGE		H2:I10
MANIFEST_META::2::_DATA_SHEET		simple burnout
ROW_2_UID_LINK::big-rock::0		BR1
ROW_2_UID_LINK::big-rock::1		BR2
ROW_2_UID_LINK::big-rock::2		BR3
ROW_2_UID_LINK::big-rock::3		BR4
ROW_2_UID_LINK::big-rock::4		BR5
ROW_2_UID_LINK::big-rock-estimate::0		E1
ROW_2_UID_LINK::big-rock-estimate::1		E2
ROW_2_UID_LINK::big-rock-estimate::2		E3
ROW_2_UID_LINK::big-rock-estimate::3		E4
ROW_2_UID_LINK::big-rock-estimate::4		E5
ROW_2_UID_LINK::investment::0		P1
ROW_2_UID_LINK::investment::1		P2
ROW_2_UID_LINK::investment::2		P3
ROW_2_UID_LINK::investment::3		P4
ROW_2_UID_LINK::investment::4		P5
