util:
  __init__.py: '

    Size (in bytes):  0

    '
  a6i_error.py: '

    Size (in bytes):  11365

    '
  apodeixi_config.py: '

    Size (in bytes):  15786

    '
  dataframe_utils.py: '

    Size (in bytes):  14247

    '
  dictionary_utils.py: '

    Size (in bytes):  19178

    '
  excel_writer_utils.py: '

    Size (in bytes):  1369

    '
  formatting_utils.py: '

    Size (in bytes):  16184

    '
  list_utils.py: '

    Size (in bytes):  9349

    '
  path_utils.py: '

    Size (in bytes):  14455

    '
  tests_unit:
    __init__.py: '

      Size (in bytes):  0

      '
    input_data:
      test_compare_dataframes_df1_INPUT.csv: '

        Size (in bytes):  1097

        '
      test_compare_dataframes_df2_INPUT.csv: '

        Size (in bytes):  1044

        '
      test_notebook_run_INPUT.ipynb: '

        Size (in bytes):  3169

        '
      test_path_utils_INPUT.txt: '

        Size (in bytes):  0

        '
    output_data:
      a6i_error_EXPECTED.txt: '

        Size (in bytes):  376

        '
      a6i_error_OUTPUT.txt: '

        Size (in bytes):  376

        '
      functional_trace_EXPECTED.txt: '

        Size (in bytes):  667

        '
      functional_trace_OUTPUT.txt: '

        Size (in bytes):  667

        '
      notebooks:
        test_notebook_run_executed_notebook.ipynb: '

          Size (in bytes):  4012

          '
      test_a6i_config_EXPECTED.txt: '

        Size (in bytes):  2222

        '
      test_a6i_config_OUTPUT.txt: '

        Size (in bytes):  2222

        '
      test_compare_dataframes_comparison_EXPECTED.txt: '

        Size (in bytes):  956

        '
      test_compare_dataframes_comparison_OUTPUT.txt: '

        Size (in bytes):  956

        '
      test_create_EXPECTED.yaml: '

        Size (in bytes):  3526

        '
      test_create_OUTPUT.yaml: '

        Size (in bytes):  3526

        '
      test_fy_quarter_EXPECTED.txt: '

        Size (in bytes):  2193

        '
      test_fy_quarter_OUTPUT.txt: '

        Size (in bytes):  2193

        '
      test_get_products_EXPECTED.txt: '

        Size (in bytes):  1871

        '
      test_get_products_OUTPUT.txt: '

        Size (in bytes):  1871

        '
      test_merge_lists_EXPECTED.txt: '

        Size (in bytes):  461

        '
      test_merge_lists_OUTPUT.txt: '

        Size (in bytes):  461

        '
      test_notebook_run_EXPECTED.yaml: '

        Size (in bytes):  3359

        '
      test_notebook_run_OUTPUT.yaml: '

        Size (in bytes):  3359

        '
      test_path_utils_EXPECTED.txt: '

        Size (in bytes):  906

        '
      test_path_utils_OUTPUT.txt: '

        Size (in bytes):  906

        '
    test_a6i_error.py: '

      Size (in bytes):  3238

      '
    test_apodeixi_config.py: '

      Size (in bytes):  3253

      '
    test_dataframe_utils.py: '

      Size (in bytes):  4213

      '
    test_folder_hierarchy.py: '

      Size (in bytes):  2421

      '
    test_formatting_utils.py: '

      Size (in bytes):  4748

      '
    test_list_utils.py: '

      Size (in bytes):  3570

      '
    test_path_utils.py: '

      Size (in bytes):  5992

      '
    test_time_buckets.py: '

      Size (in bytes):  5193

      '
  time_buckets.py: '

    Size (in bytes):  5197

    '
