big-rock.0.last_UID		BR1
big-rock.1.last_UID		BR2
big-rock.2.last_UID		BR3
big-rock.3.last_UID		BR4
big-rock.4.last_UID		BR5
big-rock.5.last_UID		None
big-rock.6.last_UID		None
big-rock-estimate.0.last_UID		E1
big-rock-estimate.1.last_UID		E2
big-rock-estimate.2.last_UID		E3
big-rock-estimate.3.last_UID		E4
big-rock-estimate.4.last_UID		E5
big-rock-estimate.5.last_UID		None
big-rock-estimate.6.last_UID		None
investment.0.last_UID		P1
investment.1.last_UID		P2
investment.2.last_UID		P3
investment.3.last_UID		P4
investment.4.last_UID		P5
investment.5.last_UID		None
investment.6.last_UID		None
investment.7.last_UID		None
