big_rocks_posting_ENV:
  external-collaboration:
    journeys:
      Dec 2020:
        FusionOpus:
          Default:
            big-rocks.journeys.a6i.xlsx: '

              Size (in bytes):  7101

              '
  kb:
    excel-postings:
      journeys:
        Dec 2020:
          FusionOpus:
            Default:
              _ARCHIVE:
                (Timestamp omitted) Posting:
                  FORM_REQUEST_EVENT_LOG.txt: '

                    Size (in bytes):  359

                    '
                  OPUS_big-rocks.journeys.a6i.xlsx: '

                    Size (in bytes):  25163

                    '
                  POST_EVENT_LOG.txt: '

                    Size (in bytes):  2377

                    '
              big-rocks.journeys.a6i.xlsx: '

                Size (in bytes):  25163

                '
    manifests:
      my-corp.production:
        modernization.default.dec-2020.fusionopus:
          big-rock-estimate.1.yaml: '

            Size (in bytes):  1272

            '
          big-rock.1.yaml: '

            Size (in bytes):  1426

            '
          investment.1.yaml: '

            Size (in bytes):  1320

            '
