
CREATED FORM:        
		 posting_api     = 'big-rocks.journeys.a6i'
		 filing_coords   = 'Dec 2020.FusionOpus.Default'
		 excel_filename  = 'big-rocks.journeys.a6i.xlsx'
		 excel_sheet     = 'Posting Label'
		 excel_range     = 'B2:C100'
