A1:
  B:
    B1:
      C:
        C1:
          UID: A1.B1.C1
          name: c1
        C1-name: c1
      UID: A1.B1
      coolness: so-so
      height: 5' 8''
      name: b1
    B1-name: b1
    B2:
      C:
        C1:
          UID: A1.B2.C1
          name: c2
        C1-name: c2
        C2:
          UID: A1.B2.C2
          name: c3
        C2-name: c3
      UID: A1.B2
      coolness: awesome
      height: 6' 1''
      name: b2
    B2-name: b2
  UID: A1
  color: brown
  name: a1
  size: 32in
A1-name: a1
A2:
  B:
    B1:
      C:
        C1:
          UID: A2.B1.C1
          name: c4
        C1-name: c4
      Costs:
        CO1:
          Purpose: Customer Visit
          UID: A2.B1.C0.CO1
          name: Charlie's per diem
        CO1-name: Charlie's per diem
      UID: A2.B1
      coolness: cool cat
      height: 165cm
      name: b3
    B1-name: b3
  UID: A2
  color: red hair
  name: a2
  size: 29in
A2-name: a2
