,Comment,Target,Target,Target,Target,Target,Target,Target,Target,Actual,Actual,Actual,Actual
,,Q1 FY21,Q2 FY21,Q3 FY21,Q4 FY21,FY22,FY23,FY24,FY25,Q1 FY21,Q2 FY21,Q3 FY21,Q4 FY21
Groceries,Assumes 3 people,1020,1060,1040,1010,1000,1070,1050,1030,1120,1140,1130,1110
Utilities,Based on historical record,2020,2060,2040,2010,2000,2070,2050,2030,2120,2140,2130,2110
