util:
  __init__.py: '

    Size (in bytes):  0

    '
  a6i_error.py: '

    Size (in bytes):  13553

    '
  apodeixi_config.py: '

    Size (in bytes):  13420

    '
  dataframe_utils.py: '

    Size (in bytes):  28900

    '
  dictionary_utils.py: '

    Size (in bytes):  22194

    '
  excel_writer_utils.py: '

    Size (in bytes):  1375

    '
  formatting_utils.py: '

    Size (in bytes):  19331

    '
  list_utils.py: '

    Size (in bytes):  9858

    '
  path_utils.py: '

    Size (in bytes):  24557

    '
  performance_utils.py: '

    Size (in bytes):  2877

    '
  reporting_utils.py: '

    Size (in bytes):  106253

    '
  tests_unit:
    __init__.py: '

      Size (in bytes):  0

      '
    expected_data:
      a6i_error_EXPECTED.txt: '

        Size (in bytes):  376

        '
      functional_trace_EXPECTED.txt: '

        Size (in bytes):  667

        '
      notebooks:
        test_notebook_run_executed_notebook.ipynb: '

          Size (in bytes):  4012

          '
      test_a6i_config_EXPECTED.txt: '

        Size (in bytes):  708

        '
      test_compare_dataframes_comparison_EXPECTED.txt: '

        Size (in bytes):  956

        '
      test_create_EXPECTED.yaml: '

        Size (in bytes):  6112

        '
      test_fy_quarter_EXPECTED.txt: '

        Size (in bytes):  2193

        '
      test_merge_lists_EXPECTED.txt: '

        Size (in bytes):  461

        '
      test_notebook_run_EXPECTED.yaml: '

        Size (in bytes):  3359

        '
      test_path_utils_EXPECTED.txt: '

        Size (in bytes):  906

        '
      test_standardizeOneTimebucketColumn_EXPECTED.txt: '

        Size (in bytes):  1680

        '
      test_time_bucket_compare_EXPECTED.txt: '

        Size (in bytes):  558

        '
      test_time_bucket_parse_EXPECTED.txt: '

        Size (in bytes):  237

        '
      test_to_timebucket_columns_1_df_EXPECTED.csv: '

        Size (in bytes):  333

        '
      test_to_timebucket_columns_1_df_comparison_EXPECTED.txt: '

        Size (in bytes):  143

        '
      test_to_timebucket_columns_2_df_EXPECTED.csv: '

        Size (in bytes):  416

        '
      test_to_timebucket_columns_2_df_comparison_EXPECTED.txt: '

        Size (in bytes):  143

        '
      test_to_timebucket_columns_3_df_EXPECTED.csv: '

        Size (in bytes):  367

        '
      test_to_timebucket_columns_3_df_comparison_EXPECTED.txt: '

        Size (in bytes):  143

        '
      test_to_timebucket_columns_4_df_EXPECTED.csv: '

        Size (in bytes):  372

        '
      test_to_timebucket_columns_4_df_comparison_EXPECTED.txt: '

        Size (in bytes):  143

        '
      test_warning_utils_EXPECTED.txt: '

        Size (in bytes):  4328

        '
      ts_join_1_EXPECTED.csv: '

        Size (in bytes):  320

        '
      ts_join_1_comparison_EXPECTED.txt: '

        Size (in bytes):  143

        '
      ts_join_2_EXPECTED.csv: '

        Size (in bytes):  827

        '
      ts_join_2_comparison_EXPECTED.txt: '

        Size (in bytes):  143

        '
      ts_join_3_EXPECTED.csv: '

        Size (in bytes):  764

        '
      ts_join_3_comparison_EXPECTED.txt: '

        Size (in bytes):  143

        '
      ts_join_4_EXPECTED.csv: '

        Size (in bytes):  252

        '
      ts_join_4_comparison_EXPECTED.txt: '

        Size (in bytes):  143

        '
    input_data:
      test_compare_dataframes_df1_INPUT.csv: '

        Size (in bytes):  1097

        '
      test_compare_dataframes_df2_INPUT.csv: '

        Size (in bytes):  1044

        '
      test_notebook_run_INPUT.ipynb: '

        Size (in bytes):  3169

        '
      test_path_utils_INPUT.txt: '

        Size (in bytes):  0

        '
      test_to_timebucket_columns_1_df.xlsx: '

        Size (in bytes):  16387

        '
      test_to_timebucket_columns_2_df.xlsx: '

        Size (in bytes):  16782

        '
      test_to_timebucket_columns_3_df.xlsx: '

        Size (in bytes):  16660

        '
      test_to_timebucket_columns_4_df.xlsx: '

        Size (in bytes):  14466

        '
      ts_join_1_a.xlsx: '

        Size (in bytes):  13908

        '
      ts_join_1_b.xlsx: '

        Size (in bytes):  13823

        '
      ts_join_1_ref.xlsx: '

        Size (in bytes):  13451

        '
      ts_join_2_a.xlsx: '

        Size (in bytes):  13908

        '
      ts_join_2_b.xlsx: '

        Size (in bytes):  13823

        '
      ts_join_2_ref.xlsx: '

        Size (in bytes):  13466

        '
      ts_join_3_a.xlsx: '

        Size (in bytes):  13973

        '
      ts_join_3_b.xlsx: '

        Size (in bytes):  13933

        '
      ts_join_3_ref.xlsx: '

        Size (in bytes):  13451

        '
      ts_join_4_b.xlsx: '

        Size (in bytes):  13823

        '
      ts_join_4_ref.xlsx: '

        Size (in bytes):  13466

        '
    test_a6i_error.py: '

      Size (in bytes):  3238

      '
    test_apodeixi_config.py: '

      Size (in bytes):  2555

      '
    test_dataframe_utils.py: '

      Size (in bytes):  4248

      '
    test_folder_hierarchy.py: '

      Size (in bytes):  2488

      '
    test_formatting_utils.py: '

      Size (in bytes):  4958

      '
    test_list_utils.py: '

      Size (in bytes):  3605

      '
    test_path_utils.py: '

      Size (in bytes):  5992

      '
    test_reporting_utils.py: '

      Size (in bytes):  13016

      '
    test_time_buckets.py: '

      Size (in bytes):  7870

      '
    test_warning_utils.py: '

      Size (in bytes):  1950

      '
  time_buckets.py: '

    Size (in bytes):  10560

    '
  warning_utils.py: '

    Size (in bytes):  6763

    '
  yaml_utils.py: '

    Size (in bytes):  3580

    '
