output shape		(2, 14)
expected shape		(2, 14)
only in output		[]
only in expected		[]
Result of elt-by-elt comparison		Everything matches
