,,Q1 FY22,Q2 FY22,Q3 FY22,Q4 FY22,Q1 FY23,Q1 FY23,Q2 FY23,Q2 FY23,Q3 FY23,Q3 FY23,Q4 FY23,Q4 FY23
,,Target,Target,Target,Target,Target,Actual,Target,Actual,Target,Actual,Target,Actual
Groceries,Assumes 3 people,1060,1050,1010,1030,1020,1120,1040,1110,1000,1130,1070,1140
Utilities,Based on historical record,2060,2050,2010,2030,2020,2120,2040,2110,2000,2130,2070,2140
