output shape		(2, 15)
expected shape		(2, 15)
only in output		[]
only in expected		[]
Result of elt-by-elt comparison		Everything matches
