,,,,Q1 FY22,Q1 FY22,Q2 FY22,Q2 FY22,Q3 FY22,Q3 FY22
,Country,Region,Multi-year,Target,Cum Target,Target,Cum Target,Target,Cum Target
0,France,Europe,400,95,95.0,115.25,210.25,113.5,323.75
1,South Africa,MEA,500,195,195.0,215.25,410.25,213.5,623.75
