,Country,Region,Q1 FY22,Q1 FY22,Q2 FY22,Q2 FY22,Q3 FY22,Q3 FY22,Q4 FY22,Q1 FY23,Q2 FY23,Q3 FY23,Q4 FY23
,,,Target,Actual,Target,Actual,Target,Actual,Target,Target,Target,Target,Target
0,France,Europe,100,95,110,115.25,120,113.5,130,140,150,160,170
1,South Africa,MEA,200,195,210,215.25,220,213.5,230,240,250,260,270
