,,,Profits,Profits,Profits,Profits,Profits,Profits,Profits,Profits,Profits,Profits,Sales,Sales,Sales,Sales,Sales,Sales,Sales,Sales,Sales,Sales
,,,Q1 FY22,Q1 FY22,Q1 FY22,Q2 FY22,Q2 FY22,Q2 FY22,Q3 FY22,Q3 FY22,Q3 FY22,Q4 FY22,Q1 FY22,Q1 FY22,Q1 FY22,Q2 FY22,Q2 FY22,Q2 FY22,Q3 FY22,Q3 FY22,Q3 FY22,Q4 FY22
,Country,Region,Target,Actual,% Target,Target,Actual,% Target,Target,Actual,% Target,Target,Target,Actual,% Target,Target,Actual,% Target,Target,Actual,% Target,Target
0,France,Europe,10,9,0.9,11,11,1.0,12,10,0.8333333333333334,13,100,95,0.95,110,115.25,1.0477272727272726,120,113.5,0.9458333333333333,130
1,South Africa,MEA,20,15,0.75,21,17,0.8095238095238095,22,19,0.8636363636363636,23,200,195,0.975,210,215.25,1.025,220,213.5,0.9704545454545455,230
