output shape		(2, 23)
expected shape		(2, 23)
only in output		[]
only in expected		[]
Result of elt-by-elt comparison		Everything matches
