-123456789-123456789-123456789-123456789-123456789-123456789-123456789-123456789
Pauline Rojas’s high school in San Antonio is open. But like many of her
classmates, she has not returned, and has little interest in doing
so.****AND**FOR*fun****we***put***a******super********long*****word*******During
the coronavirus pandemic, she started working 20 to 40 hours per week at Raising
Cane’s, a fast-food restaurant, and has used the money to help pay her family’s
internet bill, buy clothes andsave for a car.