_MANIFEST_META::0::_DATA_KIND		big-rock
_MANIFEST_META::0::_DATA_RANGE		E2:E9
_MANIFEST_META::0::_DATA_SHEET		simple burnout
_MANIFEST_META::1::_DATA_KIND		big-rock-estimate
_MANIFEST_META::1::_DATA_RANGE		F2:F9
_MANIFEST_META::1::_DATA_SHEET		simple burnout
_MANIFEST_META::2::_DATA_KIND		investment
_MANIFEST_META::2::_DATA_RANGE		H2:I10
_MANIFEST_META::2::_DATA_SHEET		simple burnout
big-rock::0::_LAST_UID		BR1
big-rock::1::_LAST_UID		BR2
big-rock::2::_LAST_UID		BR3
big-rock::3::_LAST_UID		BR4
big-rock::4::_LAST_UID		BR5
big-rock::5::_LAST_UID		None
big-rock::6::_LAST_UID		None
big-rock-estimate::0::_LAST_UID		E1
big-rock-estimate::1::_LAST_UID		E2
big-rock-estimate::2::_LAST_UID		E3
big-rock-estimate::3::_LAST_UID		E4
big-rock-estimate::4::_LAST_UID		E5
big-rock-estimate::5::_LAST_UID		None
big-rock-estimate::6::_LAST_UID		None
investment::0::_LAST_UID		P1
investment::1::_LAST_UID		P2
investment::2::_LAST_UID		P3
investment::3::_LAST_UID		P4
investment::4::_LAST_UID		P5
investment::5::_LAST_UID		None
investment::6::_LAST_UID		None
investment::7::_LAST_UID		None
