manifests:
  Cloud initiative-breakdown.yaml: '

    Size (in bytes):  25054

    '
  Opus-investment-committment.yaml: '

    Size (in bytes):  778

    '
  Opus-marathon-plan.yaml: '

    Size (in bytes):  1073

    '
  my-corp.production:
    default.dec-2020.w0.s1:
      workstream-metric.1.yaml: '

        Size (in bytes):  1694

        '
      workstream-milestone.1.yaml: '

        Size (in bytes):  7703

        '
    default.dec-2020.w1.s1:
      workstream-metric.1.yaml: '

        Size (in bytes):  7361

        '
      workstream-milestone.1.yaml: '

        Size (in bytes):  6576

        '
    default.dec-2020.w3.s1:
      workstream-metric.1.yaml: '

        Size (in bytes):  6191

        '
      workstream-milestone.1.yaml: '

        Size (in bytes):  6090

        '
    default.dec-2020.w4.s1:
      workstream-metric.1.yaml: '

        Size (in bytes):  2468

        '
      workstream-milestone.1.yaml: '

        Size (in bytes):  6068

        '
    default.dec-2020.w5.s1:
      workstream-metric.1.yaml: '

        Size (in bytes):  2120

        '
      workstream-milestone.1.yaml: '

        Size (in bytes):  7066

        '
    default.dec-2020.w6.s1:
      workstream-metric.1.yaml: '

        Size (in bytes):  2587

        '
      workstream-milestone.1.yaml: '

        Size (in bytes):  4098

        '
    default.dec-2020.w7.s1:
      workstream-metric.1.yaml: '

        Size (in bytes):  8464

        '
      workstream-milestone.1.yaml: '

        Size (in bytes):  11492

        '
    modernization.default.dec-2020.fusionopus:
      big-rock-estimate.1.yaml: '

        Size (in bytes):  1272

        '
      big-rock.1.yaml: '

        Size (in bytes):  1426

        '
      investment.1.yaml: '

        Size (in bytes):  1320

        '
