====================== Validating good-layout
Successfully validated good-layout
====================== Validating empty blocks list


*** Functional Trace ***

No blocks given

---->	activity	Testing layout validation


====================== Validating with gaps


*** Functional Trace ***

Cells not present in any block: [2, 2], [2, 3], [3, 2], [3, 3]

---->	activity	Testing layout validation


====================== Validating with overlaps


*** Functional Trace ***

Cells present multiple blocks: [3, 1], [4, 1]

---->	activity	Testing layout validation

