_MANIFEST_META::0::_DATA_KIND		workstream-milestone
_MANIFEST_META::0::_DATA_RANGE		B2:I100
_MANIFEST_META::0::_DATA_SHEET		Milestones
_MANIFEST_META::1::_DATA_KIND		workstream-metric
_MANIFEST_META::1::_DATA_RANGE		B2:O100
_MANIFEST_META::1::_DATA_SHEET		Metrics
workstream-milestone::0::_LAST_UID		T1.M1.TA1
workstream-milestone::1::_LAST_UID		T1.M1.TA2
workstream-milestone::2::_LAST_UID		T1.M1.TA3
workstream-milestone::3::_LAST_UID		None
workstream-milestone::4::_LAST_UID		None
workstream-milestone::5::_LAST_UID		T2.M1.D1
workstream-milestone::6::_LAST_UID		None
workstream-milestone::7::_LAST_UID		T3.M1.D1
workstream-milestone::8::_LAST_UID		T3.M2
workstream-milestone::9::_LAST_UID		T3.M3
workstream-milestone::10::_LAST_UID		T3.M4
workstream-milestone::11::_LAST_UID		None
workstream-milestone::12::_LAST_UID		T4.M1.TA1
workstream-milestone::13::_LAST_UID		T4.M1.TA2
workstream-milestone::14::_LAST_UID		T4.M2.D1
workstream-milestone::15::_LAST_UID		T4.M3.D1
workstream-milestone::16::_LAST_UID		T4.M4.D1
workstream-metric::0::_LAST_UID		None
workstream-metric::1::_LAST_UID		M1
workstream-metric::2::_LAST_UID		M2
workstream-metric::3::_LAST_UID		M3
workstream-metric::4::_LAST_UID		None
workstream-metric::5::_LAST_UID		None
workstream-metric::6::_LAST_UID		None
workstream-metric::7::_LAST_UID		M4
workstream-metric::8::_LAST_UID		M5
workstream-metric::9::_LAST_UID		M6
workstream-metric::10::_LAST_UID		M7
workstream-metric::11::_LAST_UID		M8
workstream-metric::12::_LAST_UID		M9
