==================    This test verifies that the following user validation works:

User creates additional columns with the same name as an entity

================     Below is the error message the user would get:

******** Functional Trace ********

Problem:	Entity 'Asset Class' appears in multiple columns. Should appear only once.
Here are the functional activities that led to the problem:

---->	activity	Running Mock_Controller


---->	activity	Parsing data for 1 manifest

            kind                : hierarchy
            excel_range         : B2:E100

---->	activity	Creating BreakoutTree from Excel

            relative_path       : input_data/user_validation_1_INPUT.xlsx

---->	activity	Processing DataFrame

            parser.entity_type  : Asset Class
            columns             : ['Asset Class', 'Institution', 'Asset Class.1', 'Account']

---->	activity	Processing fragment

            excel row           : 3
            interval            : ['Asset Class']

---->	activity	Validating inputs are well-formed

            known_entity_types  : []
