_MANIFEST_META.0._DATA_KIND		capability-hierarchy
_MANIFEST_META.0._DATA_RANGE		E5:I100
capability-hierarchy.data.kind._ROW_WORK.0._LAST_UID		JTBD1.C1.F1.S1
capability-hierarchy.data.kind._ROW_WORK.1._LAST_UID		JTBD1.C1.F1.S2
capability-hierarchy.data.kind._ROW_WORK.2._LAST_UID		JTBD2.C1.F1.S1
capability-hierarchy.data.kind._ROW_WORK.3._LAST_UID		None
capability-hierarchy.data.kind._ROW_WORK.4._LAST_UID		JTBD2.C1.F1.S2
capability-hierarchy.data.kind._ROW_WORK.5._LAST_UID		JTBD2.C1.F1.S3
capability-hierarchy.data.kind._ROW_WORK.6._LAST_UID		JTBD2.C1.F2.S1
capability-hierarchy.data.kind._ROW_WORK.7._LAST_UID		JTBD2.C1.F2.S2
capability-hierarchy.data.kind._ROW_WORK.8._LAST_UID		JTBD2.C1.F2.S3
capability-hierarchy.data.kind._ROW_WORK.9._LAST_UID		JTBD2.C1.F3.S1
capability-hierarchy.data.kind._ROW_WORK.10._LAST_UID		JTBD2.C1.F3.S2
capability-hierarchy.data.kind._ROW_WORK.11._LAST_UID		JTBD2.C1.F3.S3
capability-hierarchy.data.kind._ROW_WORK.12._LAST_UID		JTBD2.C1.F4.S1
capability-hierarchy.data.kind._ROW_WORK.13._LAST_UID		JTBD2.C1.F4.S2
capability-hierarchy.data.kind._ROW_WORK.14._LAST_UID		JTBD2.C1.F4.S3
capability-hierarchy.data.kind._ROW_WORK.15._LAST_UID		JTBD2.C1.F5.S1
capability-hierarchy.data.kind._ROW_WORK.16._LAST_UID		JTBD2.C1.F5.S2
capability-hierarchy.data.kind._ROW_WORK.17._LAST_UID		JTBD2.C1.F5.S3
capability-hierarchy.data.kind._ROW_WORK.18._LAST_UID		JTBD2.C2
capability-hierarchy.data.kind._ROW_WORK.19._LAST_UID		None
capability-hierarchy.data.kind._ROW_WORK.20._LAST_UID		None
capability-hierarchy.data.kind._ROW_WORK.21._LAST_UID		None
capability-hierarchy.data.kind._ROW_WORK.22._LAST_UID		None
capability-hierarchy.data.kind._ROW_WORK.23._LAST_UID		None
capability-hierarchy.data.kind._ROW_WORK.24._LAST_UID		None
capability-hierarchy.data.kind._ROW_WORK.25._LAST_UID		JTBD2.C3
