--------------------- Products with a filing structure in the KnowledgeBase

scoringCycle: FY 22; product: ESS; scenario: MTP.0		delivery-planning.journeys.a6i.xlsx
scoringCycle: FY 22; product: FCC; scenario: MTP.0		delivery-planning.journeys.a6i.xlsx
scoringCycle: FY 22; product: FCM; scenario: MTP.0		210608-delivery-planning.journeys.a6i.xlsx
scoringCycle: FY 22; product: FCM; scenario: MTP.1		210608v4-delivery-planning.journeys.a6i.xlsx
scoringCycle: FY 22; product: GPP; scenario: MTP.0		delivery-planning.journeys.a6i.xlsx
scoringCycle: FY 22; product: KON; scenario: MTP.0		delivery-planning.journeys.a6i.xlsx
scoringCycle: FY 22; product: LIQ; scenario: MTP.0		delivery-planning.journeys.a6i.xlsx
scoringCycle: FY 22; product: LPR; scenario: MTP.0		delivery-planning.journeys.a6i.xlsx
scoringCycle: FY 22; product: MLZ; scenario: MTP		[]
scoringCycle: FY 22; product: OPI; scenario: MTP.0		delivery-planning.journeys.a6i.xlsx
scoringCycle: FY 22; product: PHX; scenario: MTP.0		delivery-planning.journeys.a6i.xlsx
scoringCycle: FY 22; product: SUM; scenario: MTP.0		delivery-planning.journeys.a6i.xlsx
scoringCycle: FY 22; product: TI; scenario: MTP.0		delivery-planning.journeys.a6i.xlsx


--------------------- Products lacking a filing structure in the KnowledgeBase

LOB: Corporate; Short Name: CCB; Name: Connected Corporate Banking
LOB: NACM & Digital; Short Name: FCQ; Name: Credit Quest
LOB: NACM & Digital; Short Name: MBTLOS; Name: MortgageBot LOS
LOB: NACM & Digital; Short Name: MBTPOS; Name: MortgageBot POS
LOB: Trade & Capital Markets; Short Name: RISK; Name: Risk

--------------------- 'Illegitimate' products: 
	they are missing in the Apodeixi config but appear in the KnowledgeBase

